[0.491s] Invoking command in '/home/yashika-khandelwal/workspace_ros2/src/diff_drive_sim': DEBUGINFOD_URLS=https://debuginfod.ubuntu.com PYTHONPATH=/home/yashika-khandelwal/workspace_ros2/build/diff_drive_sim/prefix_override:/usr/lib/python3/dist-packages/colcon_core/task/python/colcon_distutils_commands:/home/yashika-khandelwal/workspace_ros2/install/diff_drive_sim/lib/python3.12/site-packages:${PYTHONPATH} /usr/bin/python3 -W ignore:setup.py install is deprecated -W ignore:easy_install command is deprecated setup.py egg_info --egg-base ../../build/diff_drive_sim build --build-base /home/yashika-khandelwal/workspace_ros2/build/diff_drive_sim/build install --record /home/yashika-khandelwal/workspace_ros2/build/diff_drive_sim/install.log --single-version-externally-managed install_data
[0.662s] running egg_info
[0.674s] writing ../../build/diff_drive_sim/diff_drive_sim.egg-info/PKG-INFO
[0.674s] writing dependency_links to ../../build/diff_drive_sim/diff_drive_sim.egg-info/dependency_links.txt
[0.674s] writing entry points to ../../build/diff_drive_sim/diff_drive_sim.egg-info/entry_points.txt
[0.675s] writing requirements to ../../build/diff_drive_sim/diff_drive_sim.egg-info/requires.txt
[0.675s] writing top-level names to ../../build/diff_drive_sim/diff_drive_sim.egg-info/top_level.txt
[0.698s] reading manifest file '../../build/diff_drive_sim/diff_drive_sim.egg-info/SOURCES.txt'
[0.698s] writing manifest file '../../build/diff_drive_sim/diff_drive_sim.egg-info/SOURCES.txt'
[0.698s] running build
[0.699s] running build_py
[0.699s] running install
[0.702s] running install_lib
[0.714s] running install_data
[0.714s] running install_egg_info
[0.727s] removing '/home/yashika-khandelwal/workspace_ros2/install/diff_drive_sim/lib/python3.12/site-packages/diff_drive_sim-0.0.0-py3.12.egg-info' (and everything under it)
[0.727s] Copying ../../build/diff_drive_sim/diff_drive_sim.egg-info to /home/yashika-khandelwal/workspace_ros2/install/diff_drive_sim/lib/python3.12/site-packages/diff_drive_sim-0.0.0-py3.12.egg-info
[0.728s] running install_scripts
[0.807s] Installing drawing_node script to /home/yashika-khandelwal/workspace_ros2/install/diff_drive_sim/lib/diff_drive_sim
[0.807s] Installing plotter_controller script to /home/yashika-khandelwal/workspace_ros2/install/diff_drive_sim/lib/diff_drive_sim
[0.807s] writing list of installed files to '/home/yashika-khandelwal/workspace_ros2/build/diff_drive_sim/install.log'
[0.825s] Invoked command in '/home/yashika-khandelwal/workspace_ros2/src/diff_drive_sim' returned '0': DEBUGINFOD_URLS=https://debuginfod.ubuntu.com PYTHONPATH=/home/yashika-khandelwal/workspace_ros2/build/diff_drive_sim/prefix_override:/usr/lib/python3/dist-packages/colcon_core/task/python/colcon_distutils_commands:/home/yashika-khandelwal/workspace_ros2/install/diff_drive_sim/lib/python3.12/site-packages:${PYTHONPATH} /usr/bin/python3 -W ignore:setup.py install is deprecated -W ignore:easy_install command is deprecated setup.py egg_info --egg-base ../../build/diff_drive_sim build --build-base /home/yashika-khandelwal/workspace_ros2/build/diff_drive_sim/build install --record /home/yashika-khandelwal/workspace_ros2/build/diff_drive_sim/install.log --single-version-externally-managed install_data
