[0.886s] Invoking command in '/home/yashika-khandelwal/workspace_ros2/src/diff_drive_sim': DEBUGINFOD_URLS=https://debuginfod.ubuntu.com PYTHONPATH=/home/yashika-khandelwal/workspace_ros2/build/diff_drive_sim/prefix_override:/usr/lib/python3/dist-packages/colcon_core/task/python/colcon_distutils_commands:/home/yashika-khandelwal/workspace_ros2/install/diff_drive_sim/lib/python3.12/site-packages:${PYTHONPATH} /usr/bin/python3 -W ignore:setup.py install is deprecated -W ignore:easy_install command is deprecated setup.py egg_info --egg-base ../../build/diff_drive_sim build --build-base /home/yashika-khandelwal/workspace_ros2/build/diff_drive_sim/build install --record /home/yashika-khandelwal/workspace_ros2/build/diff_drive_sim/install.log --single-version-externally-managed install_data
[1.120s] running egg_info
[1.131s] writing ../../build/diff_drive_sim/diff_drive_sim.egg-info/PKG-INFO
[1.131s] writing dependency_links to ../../build/diff_drive_sim/diff_drive_sim.egg-info/dependency_links.txt
[1.132s] writing entry points to ../../build/diff_drive_sim/diff_drive_sim.egg-info/entry_points.txt
[1.132s] writing requirements to ../../build/diff_drive_sim/diff_drive_sim.egg-info/requires.txt
[1.132s] writing top-level names to ../../build/diff_drive_sim/diff_drive_sim.egg-info/top_level.txt
[1.155s] reading manifest file '../../build/diff_drive_sim/diff_drive_sim.egg-info/SOURCES.txt'
[1.155s] writing manifest file '../../build/diff_drive_sim/diff_drive_sim.egg-info/SOURCES.txt'
[1.155s] running build
[1.156s] running build_py
[1.156s] copying diff_drive_sim/plotter_controller.py -> /home/yashika-khandelwal/workspace_ros2/build/diff_drive_sim/build/lib/diff_drive_sim
[1.156s] running install
[1.160s] running install_lib
[1.171s] copying /home/yashika-khandelwal/workspace_ros2/build/diff_drive_sim/build/lib/diff_drive_sim/plotter_controller.py -> /home/yashika-khandelwal/workspace_ros2/install/diff_drive_sim/lib/python3.12/site-packages/diff_drive_sim
[1.172s] byte-compiling /home/yashika-khandelwal/workspace_ros2/install/diff_drive_sim/lib/python3.12/site-packages/diff_drive_sim/plotter_controller.py to plotter_controller.cpython-312.pyc
[1.172s] running install_data
[1.173s] running install_egg_info
[1.185s] removing '/home/yashika-khandelwal/workspace_ros2/install/diff_drive_sim/lib/python3.12/site-packages/diff_drive_sim-0.0.0-py3.12.egg-info' (and everything under it)
[1.186s] Copying ../../build/diff_drive_sim/diff_drive_sim.egg-info to /home/yashika-khandelwal/workspace_ros2/install/diff_drive_sim/lib/python3.12/site-packages/diff_drive_sim-0.0.0-py3.12.egg-info
[1.186s] running install_scripts
[1.266s] Installing drawing_node script to /home/yashika-khandelwal/workspace_ros2/install/diff_drive_sim/lib/diff_drive_sim
[1.266s] Installing plotter_controller script to /home/yashika-khandelwal/workspace_ros2/install/diff_drive_sim/lib/diff_drive_sim
[1.266s] writing list of installed files to '/home/yashika-khandelwal/workspace_ros2/build/diff_drive_sim/install.log'
[1.286s] Invoked command in '/home/yashika-khandelwal/workspace_ros2/src/diff_drive_sim' returned '0': DEBUGINFOD_URLS=https://debuginfod.ubuntu.com PYTHONPATH=/home/yashika-khandelwal/workspace_ros2/build/diff_drive_sim/prefix_override:/usr/lib/python3/dist-packages/colcon_core/task/python/colcon_distutils_commands:/home/yashika-khandelwal/workspace_ros2/install/diff_drive_sim/lib/python3.12/site-packages:${PYTHONPATH} /usr/bin/python3 -W ignore:setup.py install is deprecated -W ignore:easy_install command is deprecated setup.py egg_info --egg-base ../../build/diff_drive_sim build --build-base /home/yashika-khandelwal/workspace_ros2/build/diff_drive_sim/build install --record /home/yashika-khandelwal/workspace_ros2/build/diff_drive_sim/install.log --single-version-externally-managed install_data
