[0.889s] Invoking command in '/home/yashika-khandelwal/workspace_ros2/src/diff_drive_sim': DEBUGINFOD_URLS=https://debuginfod.ubuntu.com PYTHONPATH=/home/yashika-khandelwal/workspace_ros2/build/diff_drive_sim/prefix_override:/usr/lib/python3/dist-packages/colcon_core/task/python/colcon_distutils_commands:/home/yashika-khandelwal/workspace_ros2/install/diff_drive_sim/lib/python3.12/site-packages:${PYTHONPATH} /usr/bin/python3 -W ignore:setup.py install is deprecated -W ignore:easy_install command is deprecated setup.py egg_info --egg-base ../../build/diff_drive_sim build --build-base /home/yashika-khandelwal/workspace_ros2/build/diff_drive_sim/build install --record /home/yashika-khandelwal/workspace_ros2/build/diff_drive_sim/install.log --single-version-externally-managed install_data
[1.155s] running egg_info
[1.169s] writing ../../build/diff_drive_sim/diff_drive_sim.egg-info/PKG-INFO
[1.169s] writing dependency_links to ../../build/diff_drive_sim/diff_drive_sim.egg-info/dependency_links.txt
[1.169s] writing entry points to ../../build/diff_drive_sim/diff_drive_sim.egg-info/entry_points.txt
[1.169s] writing requirements to ../../build/diff_drive_sim/diff_drive_sim.egg-info/requires.txt
[1.170s] writing top-level names to ../../build/diff_drive_sim/diff_drive_sim.egg-info/top_level.txt
[1.194s] reading manifest file '../../build/diff_drive_sim/diff_drive_sim.egg-info/SOURCES.txt'
[1.194s] writing manifest file '../../build/diff_drive_sim/diff_drive_sim.egg-info/SOURCES.txt'
[1.194s] running build
[1.194s] running build_py
[1.194s] copying diff_drive_sim/drawing_node.py -> /home/yashika-khandelwal/workspace_ros2/build/diff_drive_sim/build/lib/diff_drive_sim
[1.195s] running install
[1.198s] running install_lib
[1.211s] copying /home/yashika-khandelwal/workspace_ros2/build/diff_drive_sim/build/lib/diff_drive_sim/drawing_node.py -> /home/yashika-khandelwal/workspace_ros2/install/diff_drive_sim/lib/python3.12/site-packages/diff_drive_sim
[1.211s] byte-compiling /home/yashika-khandelwal/workspace_ros2/install/diff_drive_sim/lib/python3.12/site-packages/diff_drive_sim/drawing_node.py to drawing_node.cpython-312.pyc
[1.212s] running install_data
[1.212s] copying description/diff_drive.xacro -> /home/yashika-khandelwal/workspace_ros2/install/diff_drive_sim/share/diff_drive_sim/description
[1.212s] running install_egg_info
[1.225s] removing '/home/yashika-khandelwal/workspace_ros2/install/diff_drive_sim/lib/python3.12/site-packages/diff_drive_sim-0.0.0-py3.12.egg-info' (and everything under it)
[1.225s] Copying ../../build/diff_drive_sim/diff_drive_sim.egg-info to /home/yashika-khandelwal/workspace_ros2/install/diff_drive_sim/lib/python3.12/site-packages/diff_drive_sim-0.0.0-py3.12.egg-info
[1.225s] running install_scripts
[1.308s] Installing drawing_node script to /home/yashika-khandelwal/workspace_ros2/install/diff_drive_sim/lib/diff_drive_sim
[1.308s] Installing plotter_controller script to /home/yashika-khandelwal/workspace_ros2/install/diff_drive_sim/lib/diff_drive_sim
[1.308s] writing list of installed files to '/home/yashika-khandelwal/workspace_ros2/build/diff_drive_sim/install.log'
[1.330s] Invoked command in '/home/yashika-khandelwal/workspace_ros2/src/diff_drive_sim' returned '0': DEBUGINFOD_URLS=https://debuginfod.ubuntu.com PYTHONPATH=/home/yashika-khandelwal/workspace_ros2/build/diff_drive_sim/prefix_override:/usr/lib/python3/dist-packages/colcon_core/task/python/colcon_distutils_commands:/home/yashika-khandelwal/workspace_ros2/install/diff_drive_sim/lib/python3.12/site-packages:${PYTHONPATH} /usr/bin/python3 -W ignore:setup.py install is deprecated -W ignore:easy_install command is deprecated setup.py egg_info --egg-base ../../build/diff_drive_sim build --build-base /home/yashika-khandelwal/workspace_ros2/build/diff_drive_sim/build install --record /home/yashika-khandelwal/workspace_ros2/build/diff_drive_sim/install.log --single-version-externally-managed install_data
