[0.880s] Invoking command in '/home/yashika-khandelwal/workspace_ros2/build/diff_drive_sim': DEBUGINFOD_URLS=https://debuginfod.ubuntu.com PYTHONPATH=/home/yashika-khandelwal/workspace_ros2/build/diff_drive_sim/prefix_override:/usr/lib/python3/dist-packages/colcon_core/task/python/colcon_distutils_commands:/home/yashika-khandelwal/workspace_ros2/install/diff_drive_sim/lib/python3.12/site-packages:${PYTHONPATH} /usr/bin/python3 -W ignore:setup.py install is deprecated -W ignore:easy_install command is deprecated setup.py develop --editable --build-directory /home/yashika-khandelwal/workspace_ros2/build/diff_drive_sim/build --no-deps symlink_data
[1.235s] running develop
[1.409s] /usr/lib/python3/dist-packages/setuptools/command/easy_install.py:363: UserWarning: Unbuilt egg for pytest-repeat [unknown version] (/usr/lib/python3/dist-packages)
[1.409s]   self.local_index = Environment(self.shadow_path + sys.path)
[1.445s] running egg_info
[1.464s] writing diff_drive_sim.egg-info/PKG-INFO
[1.464s] writing dependency_links to diff_drive_sim.egg-info/dependency_links.txt
[1.465s] writing entry points to diff_drive_sim.egg-info/entry_points.txt
[1.465s] writing requirements to diff_drive_sim.egg-info/requires.txt
[1.465s] writing top-level names to diff_drive_sim.egg-info/top_level.txt
[1.499s] reading manifest file 'diff_drive_sim.egg-info/SOURCES.txt'
[1.500s] writing manifest file 'diff_drive_sim.egg-info/SOURCES.txt'
[1.517s] running build_ext
[1.517s] Creating /home/yashika-khandelwal/workspace_ros2/install/diff_drive_sim/lib/python3.12/site-packages/diff-drive-sim.egg-link (link to .)
[1.518s] Installing drawing_node script to /home/yashika-khandelwal/workspace_ros2/install/diff_drive_sim/lib/diff_drive_sim
[1.518s] Installing plotter_controller script to /home/yashika-khandelwal/workspace_ros2/install/diff_drive_sim/lib/diff_drive_sim
[1.518s] 
[1.518s] Installed /home/yashika-khandelwal/workspace_ros2/build/diff_drive_sim
[1.518s] running symlink_data
[1.545s] Invoked command in '/home/yashika-khandelwal/workspace_ros2/build/diff_drive_sim' returned '0': DEBUGINFOD_URLS=https://debuginfod.ubuntu.com PYTHONPATH=/home/yashika-khandelwal/workspace_ros2/build/diff_drive_sim/prefix_override:/usr/lib/python3/dist-packages/colcon_core/task/python/colcon_distutils_commands:/home/yashika-khandelwal/workspace_ros2/install/diff_drive_sim/lib/python3.12/site-packages:${PYTHONPATH} /usr/bin/python3 -W ignore:setup.py install is deprecated -W ignore:easy_install command is deprecated setup.py develop --editable --build-directory /home/yashika-khandelwal/workspace_ros2/build/diff_drive_sim/build --no-deps symlink_data
