running develop
Removing /home/yashika-khandelwal/workspace_ros2/install/diff_drive_sim/lib/python3.12/site-packages/diff-drive-sim.egg-link (link to .)
running egg_info
writing ../../build/diff_drive_sim/diff_drive_sim.egg-info/PKG-INFO
writing dependency_links to ../../build/diff_drive_sim/diff_drive_sim.egg-info/dependency_links.txt
writing entry points to ../../build/diff_drive_sim/diff_drive_sim.egg-info/entry_points.txt
writing requirements to ../../build/diff_drive_sim/diff_drive_sim.egg-info/requires.txt
writing top-level names to ../../build/diff_drive_sim/diff_drive_sim.egg-info/top_level.txt
reading manifest file '../../build/diff_drive_sim/diff_drive_sim.egg-info/SOURCES.txt'
writing manifest file '../../build/diff_drive_sim/diff_drive_sim.egg-info/SOURCES.txt'
running build
running build_py
copying diff_drive_sim/plotter_controller.py -> /home/yashika-khandelwal/workspace_ros2/build/diff_drive_sim/build/lib/diff_drive_sim
copying diff_drive_sim/drawing_node.py -> /home/yashika-khandelwal/workspace_ros2/build/diff_drive_sim/build/lib/diff_drive_sim
running install
running install_lib
creating /home/yashika-khandelwal/workspace_ros2/install/diff_drive_sim/lib/python3.12/site-packages/diff_drive_sim
copying /home/yashika-khandelwal/workspace_ros2/build/diff_drive_sim/build/lib/diff_drive_sim/plotter_controller.py -> /home/yashika-khandelwal/workspace_ros2/install/diff_drive_sim/lib/python3.12/site-packages/diff_drive_sim
copying /home/yashika-khandelwal/workspace_ros2/build/diff_drive_sim/build/lib/diff_drive_sim/__init__.py -> /home/yashika-khandelwal/workspace_ros2/install/diff_drive_sim/lib/python3.12/site-packages/diff_drive_sim
copying /home/yashika-khandelwal/workspace_ros2/build/diff_drive_sim/build/lib/diff_drive_sim/drawing_node.py -> /home/yashika-khandelwal/workspace_ros2/install/diff_drive_sim/lib/python3.12/site-packages/diff_drive_sim
byte-compiling /home/yashika-khandelwal/workspace_ros2/install/diff_drive_sim/lib/python3.12/site-packages/diff_drive_sim/plotter_controller.py to plotter_controller.cpython-312.pyc
byte-compiling /home/yashika-khandelwal/workspace_ros2/install/diff_drive_sim/lib/python3.12/site-packages/diff_drive_sim/__init__.py to __init__.cpython-312.pyc
byte-compiling /home/yashika-khandelwal/workspace_ros2/install/diff_drive_sim/lib/python3.12/site-packages/diff_drive_sim/drawing_node.py to drawing_node.cpython-312.pyc
running install_data
copying resource/diff_drive_sim -> /home/yashika-khandelwal/workspace_ros2/install/diff_drive_sim/share/ament_index/resource_index/packages
copying package.xml -> /home/yashika-khandelwal/workspace_ros2/install/diff_drive_sim/share/diff_drive_sim
copying launch/my_robot_gazebo.launch.py -> /home/yashika-khandelwal/workspace_ros2/install/diff_drive_sim/share/diff_drive_sim/launch
copying worlds/obstacles.sdf -> /home/yashika-khandelwal/workspace_ros2/install/diff_drive_sim/share/diff_drive_sim/worlds
copying description/inertial_macros.xacro -> /home/yashika-khandelwal/workspace_ros2/install/diff_drive_sim/share/diff_drive_sim/description
copying description/include.xacro -> /home/yashika-khandelwal/workspace_ros2/install/diff_drive_sim/share/diff_drive_sim/description
copying description/diff_drive.xacro -> /home/yashika-khandelwal/workspace_ros2/install/diff_drive_sim/share/diff_drive_sim/description
copying config/controllers.yaml -> /home/yashika-khandelwal/workspace_ros2/install/diff_drive_sim/share/diff_drive_sim/config
copying config/ros_gz_bridge.yaml -> /home/yashika-khandelwal/workspace_ros2/install/diff_drive_sim/share/diff_drive_sim/config
running install_egg_info
Copying ../../build/diff_drive_sim/diff_drive_sim.egg-info to /home/yashika-khandelwal/workspace_ros2/install/diff_drive_sim/lib/python3.12/site-packages/diff_drive_sim-0.0.0-py3.12.egg-info
running install_scripts
Installing drawing_node script to /home/yashika-khandelwal/workspace_ros2/install/diff_drive_sim/lib/diff_drive_sim
Installing plotter_controller script to /home/yashika-khandelwal/workspace_ros2/install/diff_drive_sim/lib/diff_drive_sim
writing list of installed files to '/home/yashika-khandelwal/workspace_ros2/build/diff_drive_sim/install.log'
