[0.892s] Invoking command in '/home/yashika-khandelwal/workspace_ros2/src/diff_drive_sim': DEBUGINFOD_URLS=https://debuginfod.ubuntu.com PYTHONPATH=/home/yashika-khandelwal/workspace_ros2/build/diff_drive_sim/prefix_override:/usr/lib/python3/dist-packages/colcon_core/task/python/colcon_distutils_commands:/home/yashika-khandelwal/workspace_ros2/install/diff_drive_sim/lib/python3.12/site-packages:${PYTHONPATH} /usr/bin/python3 -W ignore:setup.py install is deprecated -W ignore:easy_install command is deprecated setup.py egg_info --egg-base ../../build/diff_drive_sim build --build-base /home/yashika-khandelwal/workspace_ros2/build/diff_drive_sim/build install --record /home/yashika-khandelwal/workspace_ros2/build/diff_drive_sim/install.log --single-version-externally-managed install_data
[1.181s] running egg_info
[1.181s] creating ../../build/diff_drive_sim/diff_drive_sim.egg-info
[1.201s] writing ../../build/diff_drive_sim/diff_drive_sim.egg-info/PKG-INFO
[1.201s] writing dependency_links to ../../build/diff_drive_sim/diff_drive_sim.egg-info/dependency_links.txt
[1.201s] writing entry points to ../../build/diff_drive_sim/diff_drive_sim.egg-info/entry_points.txt
[1.202s] writing requirements to ../../build/diff_drive_sim/diff_drive_sim.egg-info/requires.txt
[1.202s] writing top-level names to ../../build/diff_drive_sim/diff_drive_sim.egg-info/top_level.txt
[1.202s] writing manifest file '../../build/diff_drive_sim/diff_drive_sim.egg-info/SOURCES.txt'
[1.244s] reading manifest file '../../build/diff_drive_sim/diff_drive_sim.egg-info/SOURCES.txt'
[1.245s] writing manifest file '../../build/diff_drive_sim/diff_drive_sim.egg-info/SOURCES.txt'
[1.245s] running build
[1.246s] running build_py
[1.246s] creating /home/yashika-khandelwal/workspace_ros2/build/diff_drive_sim/build
[1.246s] creating /home/yashika-khandelwal/workspace_ros2/build/diff_drive_sim/build/lib
[1.246s] creating /home/yashika-khandelwal/workspace_ros2/build/diff_drive_sim/build/lib/diff_drive_sim
[1.246s] copying diff_drive_sim/plotter_controller.py -> /home/yashika-khandelwal/workspace_ros2/build/diff_drive_sim/build/lib/diff_drive_sim
[1.246s] copying diff_drive_sim/__init__.py -> /home/yashika-khandelwal/workspace_ros2/build/diff_drive_sim/build/lib/diff_drive_sim
[1.246s] copying diff_drive_sim/drawing_node.py -> /home/yashika-khandelwal/workspace_ros2/build/diff_drive_sim/build/lib/diff_drive_sim
[1.246s] running install
[1.252s] running install_lib
[1.274s] creating /home/yashika-khandelwal/workspace_ros2/install/diff_drive_sim/lib/python3.12/site-packages/diff_drive_sim
[1.274s] copying /home/yashika-khandelwal/workspace_ros2/build/diff_drive_sim/build/lib/diff_drive_sim/plotter_controller.py -> /home/yashika-khandelwal/workspace_ros2/install/diff_drive_sim/lib/python3.12/site-packages/diff_drive_sim
[1.274s] copying /home/yashika-khandelwal/workspace_ros2/build/diff_drive_sim/build/lib/diff_drive_sim/__init__.py -> /home/yashika-khandelwal/workspace_ros2/install/diff_drive_sim/lib/python3.12/site-packages/diff_drive_sim
[1.274s] copying /home/yashika-khandelwal/workspace_ros2/build/diff_drive_sim/build/lib/diff_drive_sim/drawing_node.py -> /home/yashika-khandelwal/workspace_ros2/install/diff_drive_sim/lib/python3.12/site-packages/diff_drive_sim
[1.274s] byte-compiling /home/yashika-khandelwal/workspace_ros2/install/diff_drive_sim/lib/python3.12/site-packages/diff_drive_sim/plotter_controller.py to plotter_controller.cpython-312.pyc
[1.275s] byte-compiling /home/yashika-khandelwal/workspace_ros2/install/diff_drive_sim/lib/python3.12/site-packages/diff_drive_sim/__init__.py to __init__.cpython-312.pyc
[1.276s] byte-compiling /home/yashika-khandelwal/workspace_ros2/install/diff_drive_sim/lib/python3.12/site-packages/diff_drive_sim/drawing_node.py to drawing_node.cpython-312.pyc
[1.276s] running install_data
[1.277s] creating /home/yashika-khandelwal/workspace_ros2/install/diff_drive_sim/share/ament_index
[1.277s] creating /home/yashika-khandelwal/workspace_ros2/install/diff_drive_sim/share/ament_index/resource_index
[1.277s] creating /home/yashika-khandelwal/workspace_ros2/install/diff_drive_sim/share/ament_index/resource_index/packages
[1.277s] copying resource/diff_drive_sim -> /home/yashika-khandelwal/workspace_ros2/install/diff_drive_sim/share/ament_index/resource_index/packages
[1.277s] copying package.xml -> /home/yashika-khandelwal/workspace_ros2/install/diff_drive_sim/share/diff_drive_sim
[1.277s] creating /home/yashika-khandelwal/workspace_ros2/install/diff_drive_sim/share/diff_drive_sim/launch
[1.278s] copying launch/my_robot_gazebo.launch.py -> /home/yashika-khandelwal/workspace_ros2/install/diff_drive_sim/share/diff_drive_sim/launch
[1.278s] creating /home/yashika-khandelwal/workspace_ros2/install/diff_drive_sim/share/diff_drive_sim/worlds
[1.278s] copying worlds/obstacles.sdf -> /home/yashika-khandelwal/workspace_ros2/install/diff_drive_sim/share/diff_drive_sim/worlds
[1.293s] creating /home/yashika-khandelwal/workspace_ros2/install/diff_drive_sim/share/diff_drive_sim/description
[1.293s] copying description/inertial_macros.xacro -> /home/yashika-khandelwal/workspace_ros2/install/diff_drive_sim/share/diff_drive_sim/description
[1.293s] copying description/include.xacro -> /home/yashika-khandelwal/workspace_ros2/install/diff_drive_sim/share/diff_drive_sim/description
[1.294s] copying description/diff_drive.xacro -> /home/yashika-khandelwal/workspace_ros2/install/diff_drive_sim/share/diff_drive_sim/description
[1.294s] creating /home/yashika-khandelwal/workspace_ros2/install/diff_drive_sim/share/diff_drive_sim/config
[1.294s] copying config/controllers.yaml -> /home/yashika-khandelwal/workspace_ros2/install/diff_drive_sim/share/diff_drive_sim/config
[1.295s] copying config/ros_gz_bridge.yaml -> /home/yashika-khandelwal/workspace_ros2/install/diff_drive_sim/share/diff_drive_sim/config
[1.295s] running install_egg_info
[1.319s] Copying ../../build/diff_drive_sim/diff_drive_sim.egg-info to /home/yashika-khandelwal/workspace_ros2/install/diff_drive_sim/lib/python3.12/site-packages/diff_drive_sim-0.0.0-py3.12.egg-info
[1.319s] running install_scripts
[1.461s] Installing drawing_node script to /home/yashika-khandelwal/workspace_ros2/install/diff_drive_sim/lib/diff_drive_sim
[1.461s] Installing plotter_controller script to /home/yashika-khandelwal/workspace_ros2/install/diff_drive_sim/lib/diff_drive_sim
[1.461s] writing list of installed files to '/home/yashika-khandelwal/workspace_ros2/build/diff_drive_sim/install.log'
[1.490s] Invoked command in '/home/yashika-khandelwal/workspace_ros2/src/diff_drive_sim' returned '0': DEBUGINFOD_URLS=https://debuginfod.ubuntu.com PYTHONPATH=/home/yashika-khandelwal/workspace_ros2/build/diff_drive_sim/prefix_override:/usr/lib/python3/dist-packages/colcon_core/task/python/colcon_distutils_commands:/home/yashika-khandelwal/workspace_ros2/install/diff_drive_sim/lib/python3.12/site-packages:${PYTHONPATH} /usr/bin/python3 -W ignore:setup.py install is deprecated -W ignore:easy_install command is deprecated setup.py egg_info --egg-base ../../build/diff_drive_sim build --build-base /home/yashika-khandelwal/workspace_ros2/build/diff_drive_sim/build install --record /home/yashika-khandelwal/workspace_ros2/build/diff_drive_sim/install.log --single-version-externally-managed install_data
