/home/yashika-khandelwal/workspace_ros2/install/diff_drive_sim/lib/python3.12/site-packages/diff_drive_sim/plotter_controller.py
/home/yashika-khandelwal/workspace_ros2/install/diff_drive_sim/lib/python3.12/site-packages/diff_drive_sim/__init__.py
/home/yashika-khandelwal/workspace_ros2/install/diff_drive_sim/lib/python3.12/site-packages/diff_drive_sim/drawing_node.py
/home/yashika-khandelwal/workspace_ros2/install/diff_drive_sim/lib/python3.12/site-packages/diff_drive_sim/__pycache__/plotter_controller.cpython-312.pyc
/home/yashika-khandelwal/workspace_ros2/install/diff_drive_sim/lib/python3.12/site-packages/diff_drive_sim/__pycache__/__init__.cpython-312.pyc
/home/yashika-khandelwal/workspace_ros2/install/diff_drive_sim/lib/python3.12/site-packages/diff_drive_sim/__pycache__/drawing_node.cpython-312.pyc
/home/yashika-khandelwal/workspace_ros2/install/diff_drive_sim/share/ament_index/resource_index/packages/diff_drive_sim
/home/yashika-khandelwal/workspace_ros2/install/diff_drive_sim/share/diff_drive_sim/package.xml
/home/yashika-khandelwal/workspace_ros2/install/diff_drive_sim/share/diff_drive_sim/launch/my_robot_gazebo.launch.py
/home/yashika-khandelwal/workspace_ros2/install/diff_drive_sim/share/diff_drive_sim/worlds/obstacles.sdf
/home/yashika-khandelwal/workspace_ros2/install/diff_drive_sim/share/diff_drive_sim/description/inertial_macros.xacro
/home/yashika-khandelwal/workspace_ros2/install/diff_drive_sim/share/diff_drive_sim/description/include.xacro
/home/yashika-khandelwal/workspace_ros2/install/diff_drive_sim/share/diff_drive_sim/description/diff_drive.xacro
/home/yashika-khandelwal/workspace_ros2/install/diff_drive_sim/share/diff_drive_sim/config/controllers.yaml
/home/yashika-khandelwal/workspace_ros2/install/diff_drive_sim/share/diff_drive_sim/config/ros_gz_bridge.yaml
/home/yashika-khandelwal/workspace_ros2/install/diff_drive_sim/lib/python3.12/site-packages/diff_drive_sim-0.0.0-py3.12.egg-info/zip-safe
/home/yashika-khandelwal/workspace_ros2/install/diff_drive_sim/lib/python3.12/site-packages/diff_drive_sim-0.0.0-py3.12.egg-info/requires.txt
/home/yashika-khandelwal/workspace_ros2/install/diff_drive_sim/lib/python3.12/site-packages/diff_drive_sim-0.0.0-py3.12.egg-info/SOURCES.txt
/home/yashika-khandelwal/workspace_ros2/install/diff_drive_sim/lib/python3.12/site-packages/diff_drive_sim-0.0.0-py3.12.egg-info/PKG-INFO
/home/yashika-khandelwal/workspace_ros2/install/diff_drive_sim/lib/python3.12/site-packages/diff_drive_sim-0.0.0-py3.12.egg-info/dependency_links.txt
/home/yashika-khandelwal/workspace_ros2/install/diff_drive_sim/lib/python3.12/site-packages/diff_drive_sim-0.0.0-py3.12.egg-info/top_level.txt
/home/yashika-khandelwal/workspace_ros2/install/diff_drive_sim/lib/python3.12/site-packages/diff_drive_sim-0.0.0-py3.12.egg-info/entry_points.txt
/home/yashika-khandelwal/workspace_ros2/install/diff_drive_sim/lib/diff_drive_sim/drawing_node
/home/yashika-khandelwal/workspace_ros2/install/diff_drive_sim/lib/diff_drive_sim/plotter_controller
