running develop
/usr/lib/python3/dist-packages/setuptools/command/easy_install.py:363: UserWarning: Unbuilt egg for pytest-repeat [unknown version] (/usr/lib/python3/dist-packages)
  self.local_index = Environment(self.shadow_path + sys.path)
running egg_info
writing diff_drive_sim.egg-info/PKG-INFO
writing dependency_links to diff_drive_sim.egg-info/dependency_links.txt
writing entry points to diff_drive_sim.egg-info/entry_points.txt
writing requirements to diff_drive_sim.egg-info/requires.txt
writing top-level names to diff_drive_sim.egg-info/top_level.txt
reading manifest file 'diff_drive_sim.egg-info/SOURCES.txt'
writing manifest file 'diff_drive_sim.egg-info/SOURCES.txt'
running build_ext
Creating /home/yashika-khandelwal/workspace_ros2/install/diff_drive_sim/lib/python3.12/site-packages/diff-drive-sim.egg-link (link to .)
Installing drawing_node script to /home/yashika-khandelwal/workspace_ros2/install/diff_drive_sim/lib/diff_drive_sim
Installing plotter_controller script to /home/yashika-khandelwal/workspace_ros2/install/diff_drive_sim/lib/diff_drive_sim

Installed /home/yashika-khandelwal/workspace_ros2/build/diff_drive_sim
running symlink_data
symbolically linking /home/yashika-khandelwal/workspace_ros2/build/diff_drive_sim/resource/diff_drive_sim -> /home/yashika-khandelwal/workspace_ros2/install/diff_drive_sim/share/ament_index/resource_index/packages
symbolically linking /home/yashika-khandelwal/workspace_ros2/build/diff_drive_sim/package.xml -> /home/yashika-khandelwal/workspace_ros2/install/diff_drive_sim/share/diff_drive_sim
symbolically linking /home/yashika-khandelwal/workspace_ros2/build/diff_drive_sim/launch/my_robot_gazebo.launch.py -> /home/yashika-khandelwal/workspace_ros2/install/diff_drive_sim/share/diff_drive_sim/launch
symbolically linking /home/yashika-khandelwal/workspace_ros2/build/diff_drive_sim/worlds/obstacles.sdf -> /home/yashika-khandelwal/workspace_ros2/install/diff_drive_sim/share/diff_drive_sim/worlds
symbolically linking /home/yashika-khandelwal/workspace_ros2/build/diff_drive_sim/description/inertial_macros.xacro -> /home/yashika-khandelwal/workspace_ros2/install/diff_drive_sim/share/diff_drive_sim/description
symbolically linking /home/yashika-khandelwal/workspace_ros2/build/diff_drive_sim/description/include.xacro -> /home/yashika-khandelwal/workspace_ros2/install/diff_drive_sim/share/diff_drive_sim/description
symbolically linking /home/yashika-khandelwal/workspace_ros2/build/diff_drive_sim/description/diff_drive.xacro -> /home/yashika-khandelwal/workspace_ros2/install/diff_drive_sim/share/diff_drive_sim/description
symbolically linking /home/yashika-khandelwal/workspace_ros2/build/diff_drive_sim/config/controllers.yaml -> /home/yashika-khandelwal/workspace_ros2/install/diff_drive_sim/share/diff_drive_sim/config
symbolically linking /home/yashika-khandelwal/workspace_ros2/build/diff_drive_sim/config/ros_gz_bridge.yaml -> /home/yashika-khandelwal/workspace_ros2/install/diff_drive_sim/share/diff_drive_sim/config
