[0.883s] Invoking command in '/home/yashika-khandelwal/workspace_ros2/build/diff_drive_sim': DEBUGINFOD_URLS=https://debuginfod.ubuntu.com PYTHONPATH=/home/yashika-khandelwal/workspace_ros2/build/diff_drive_sim/prefix_override:/usr/lib/python3/dist-packages/colcon_core/task/python/colcon_distutils_commands:/home/yashika-khandelwal/workspace_ros2/install/diff_drive_sim/lib/python3.12/site-packages:${PYTHONPATH} /usr/bin/python3 -W ignore:setup.py install is deprecated -W ignore:easy_install command is deprecated setup.py develop --editable --build-directory /home/yashika-khandelwal/workspace_ros2/build/diff_drive_sim/build --no-deps symlink_data --force
[1.162s] running develop
[1.271s] /usr/lib/python3/dist-packages/setuptools/command/easy_install.py:363: UserWarning: Unbuilt egg for pytest-repeat [unknown version] (/usr/lib/python3/dist-packages)
[1.271s]   self.local_index = Environment(self.shadow_path + sys.path)
[1.292s] running egg_info
[1.304s] writing diff_drive_sim.egg-info/PKG-INFO
[1.304s] writing dependency_links to diff_drive_sim.egg-info/dependency_links.txt
[1.304s] writing entry points to diff_drive_sim.egg-info/entry_points.txt
[1.304s] writing requirements to diff_drive_sim.egg-info/requires.txt
[1.304s] writing top-level names to diff_drive_sim.egg-info/top_level.txt
[1.331s] reading manifest file 'diff_drive_sim.egg-info/SOURCES.txt'
[1.332s] writing manifest file 'diff_drive_sim.egg-info/SOURCES.txt'
[1.345s] running build_ext
[1.345s] Creating /home/yashika-khandelwal/workspace_ros2/install/diff_drive_sim/lib/python3.12/site-packages/diff-drive-sim.egg-link (link to .)
[1.346s] Installing drawing_node script to /home/yashika-khandelwal/workspace_ros2/install/diff_drive_sim/lib/diff_drive_sim
[1.346s] Installing plotter_controller script to /home/yashika-khandelwal/workspace_ros2/install/diff_drive_sim/lib/diff_drive_sim
[1.346s] 
[1.346s] Installed /home/yashika-khandelwal/workspace_ros2/build/diff_drive_sim
[1.347s] running symlink_data
[1.347s] symbolically linking /home/yashika-khandelwal/workspace_ros2/build/diff_drive_sim/resource/diff_drive_sim -> /home/yashika-khandelwal/workspace_ros2/install/diff_drive_sim/share/ament_index/resource_index/packages
[1.347s] symbolically linking /home/yashika-khandelwal/workspace_ros2/build/diff_drive_sim/package.xml -> /home/yashika-khandelwal/workspace_ros2/install/diff_drive_sim/share/diff_drive_sim
[1.347s] symbolically linking /home/yashika-khandelwal/workspace_ros2/build/diff_drive_sim/launch/my_robot_gazebo.launch.py -> /home/yashika-khandelwal/workspace_ros2/install/diff_drive_sim/share/diff_drive_sim/launch
[1.347s] symbolically linking /home/yashika-khandelwal/workspace_ros2/build/diff_drive_sim/worlds/obstacles.sdf -> /home/yashika-khandelwal/workspace_ros2/install/diff_drive_sim/share/diff_drive_sim/worlds
[1.347s] symbolically linking /home/yashika-khandelwal/workspace_ros2/build/diff_drive_sim/description/inertial_macros.xacro -> /home/yashika-khandelwal/workspace_ros2/install/diff_drive_sim/share/diff_drive_sim/description
[1.347s] symbolically linking /home/yashika-khandelwal/workspace_ros2/build/diff_drive_sim/description/include.xacro -> /home/yashika-khandelwal/workspace_ros2/install/diff_drive_sim/share/diff_drive_sim/description
[1.348s] symbolically linking /home/yashika-khandelwal/workspace_ros2/build/diff_drive_sim/description/diff_drive.xacro -> /home/yashika-khandelwal/workspace_ros2/install/diff_drive_sim/share/diff_drive_sim/description
[1.348s] symbolically linking /home/yashika-khandelwal/workspace_ros2/build/diff_drive_sim/config/controllers.yaml -> /home/yashika-khandelwal/workspace_ros2/install/diff_drive_sim/share/diff_drive_sim/config
[1.348s] symbolically linking /home/yashika-khandelwal/workspace_ros2/build/diff_drive_sim/config/ros_gz_bridge.yaml -> /home/yashika-khandelwal/workspace_ros2/install/diff_drive_sim/share/diff_drive_sim/config
[1.371s] Invoked command in '/home/yashika-khandelwal/workspace_ros2/build/diff_drive_sim' returned '0': DEBUGINFOD_URLS=https://debuginfod.ubuntu.com PYTHONPATH=/home/yashika-khandelwal/workspace_ros2/build/diff_drive_sim/prefix_override:/usr/lib/python3/dist-packages/colcon_core/task/python/colcon_distutils_commands:/home/yashika-khandelwal/workspace_ros2/install/diff_drive_sim/lib/python3.12/site-packages:${PYTHONPATH} /usr/bin/python3 -W ignore:setup.py install is deprecated -W ignore:easy_install command is deprecated setup.py develop --editable --build-directory /home/yashika-khandelwal/workspace_ros2/build/diff_drive_sim/build --no-deps symlink_data --force
